{
  "instanceId": "i-503bbc1c",
  "imageId": "ami-8e987ef9",
  "instanceState": {
    "code": "0",
    "name": "pending"
  },
  "privateDnsName": "ip-172-31-1-56.eu-west-1.compute.internal",
  "dnsName": {},
  "instanceType": "m1.small",
  "launchTime": "2013-11-28T00:28:55.000Z",
  "availabilityZone": "eu-west-1c",
  "monitoring": {
    "state": "disabled"
  },
  "subnetId": "subnet-7c0ef516",
  "vpcId": "vpc-7f0ef515",
  "privateIpAddress": "172.31.1.56",
  "groupSet": {
    "groupId": "sg-68ef1e07",
    "groupName": "default"
  },
  "architecture": "x86_64",
  "rootDeviceType": "ebs",
  "rootDeviceName": "/dev/sda1",
  "tagSet": {}
}